// Jest Snapshot v1, https://goo.gl/fbAQLP

exports[`Checkbox component Should Exists 1`] = `
Object {
  "$$typeof": Symbol(react.forward_ref),
  "defaultProps": Object {
    "checked": false,
    "children": null,
    "disabled": false,
  },
  "render": [Function],
}
`;

exports[`Checkbox component Should have checkbox classname 1`] = `
<label
  className="checkbox"
>
  <input
    checked={false}
    disabled={false}
    type="checkbox"
  />
  Text
</label>
`;
