// Jest Snapshot v1, https://goo.gl/fbAQLP

exports[`ReactBulmaComponents component Should Exports all components 1`] = `
Object {
  "Box": Object {
    "$$typeof": Symbol(react.forward_ref),
    "defaultProps": Object {
      "as": "div",
    },
    "render": [Function],
  },
  "Breadcrumb": Object {
    "$$typeof": Symbol(react.forward_ref),
    "defaultProps": Object {
      "as": "a",
      "items": Array [],
    },
    "render": [Function],
  },
  "Button": Object {
    "$$typeof": Symbol(react.forward_ref),
    "Group": Object {
      "$$typeof": Symbol(react.forward_ref),
      "defaultProps": Object {
        "as": "div",
      },
      "render": [Function],
    },
    "defaultProps": Object {
      "as": "button",
      "disabled": false,
      "fullwidth": false,
      "inverted": false,
      "isSelected": false,
      "isStatic": false,
      "loading": false,
      "onClick": [Function],
      "outlined": false,
      "remove": false,
      "reset": false,
      "rounded": false,
      "submit": false,
      "text": false,
    },
    "render": [Function],
  },
  "Card": Object {
    "$$typeof": Symbol(react.forward_ref),
    "Content": Object {
      "$$typeof": Symbol(react.forward_ref),
      "defaultProps": Object {
        "as": "div",
      },
      "render": [Function],
    },
    "Footer": Object {
      "$$typeof": Symbol(react.forward_ref),
      "Item": Object {
        "$$typeof": Symbol(react.forward_ref),
        "defaultProps": Object {
          "as": "div",
        },
        "render": [Function],
      },
      "defaultProps": Object {
        "as": "div",
      },
      "render": [Function],
    },
    "Header": Object {
      "$$typeof": Symbol(react.forward_ref),
      "Icon": Object {
        "$$typeof": Symbol(react.forward_ref),
        "defaultProps": Object {
          "as": "div",
        },
        "render": [Function],
      },
      "Title": Object {
        "$$typeof": Symbol(react.forward_ref),
        "defaultProps": Object {
          "as": "div",
        },
        "render": [Function],
      },
      "defaultProps": Object {
        "as": "div",
      },
      "render": [Function],
    },
    "Image": Object {
      "$$typeof": Symbol(react.forward_ref),
      "render": [Function],
    },
    "defaultProps": Object {
      "as": "div",
    },
    "render": [Function],
  },
  "Columns": Object {
    "$$typeof": Symbol(react.forward_ref),
    "Column": Object {
      "$$typeof": Symbol(react.forward_ref),
      "defaultProps": Object {
        "as": "div",
        "desktop": Object {
          "narrow": false,
        },
        "fullhd": Object {
          "narrow": false,
        },
        "mobile": Object {
          "narrow": false,
        },
        "narrow": false,
        "tablet": Object {
          "narrow": false,
        },
        "widescreen": Object {
          "narrow": false,
        },
      },
      "render": [Function],
    },
    "defaultProps": Object {
      "as": "div",
      "centered": false,
      "gapless": false,
      "multiline": true,
    },
    "render": [Function],
  },
  "Container": Object {
    "$$typeof": Symbol(react.forward_ref),
    "defaultProps": Object {
      "as": "div",
      "fluid": false,
    },
    "render": [Function],
  },
  "Content": Object {
    "$$typeof": Symbol(react.forward_ref),
    "defaultProps": Object {
      "as": "div",
    },
    "render": [Function],
  },
  "Dropdown": [Function],
  "Element": Object {
    "$$typeof": Symbol(react.forward_ref),
    "defaultProps": Object {
      "as": "div",
    },
    "render": [Function],
  },
  "Footer": Object {
    "$$typeof": Symbol(react.forward_ref),
    "defaultProps": Object {
      "as": "div",
    },
    "render": [Function],
  },
  "Form": Object {
    "Checkbox": Object {
      "$$typeof": Symbol(react.forward_ref),
      "defaultProps": Object {
        "checked": false,
        "children": null,
        "disabled": false,
      },
      "render": [Function],
    },
    "Control": Object {
      "$$typeof": Symbol(react.forward_ref),
      "defaultProps": Object {
        "as": "div",
        "fullwidth": false,
        "iconLeft": false,
        "iconRight": false,
        "loading": false,
      },
      "render": [Function],
    },
    "Field": Object {
      "$$typeof": Symbol(react.forward_ref),
      "Body": Object {
        "$$typeof": Symbol(react.forward_ref),
        "defaultProps": Object {
          "as": "div",
        },
        "render": [Function],
      },
      "Label": Object {
        "$$typeof": Symbol(react.forward_ref),
        "defaultProps": Object {
          "as": "div",
        },
        "render": [Function],
      },
      "defaultProps": Object {
        "as": "div",
        "horizontal": false,
        "multiline": false,
      },
      "render": [Function],
    },
    "Help": Object {
      "$$typeof": Symbol(react.forward_ref),
      "defaultProps": Object {
        "as": "p",
      },
      "render": [Function],
    },
    "Input": Object {
      "$$typeof": Symbol(react.forward_ref),
      "render": [Function],
    },
    "InputFile": [Function],
    "Label": Object {
      "$$typeof": Symbol(react.forward_ref),
      "render": [Function],
    },
    "Radio": Object {
      "$$typeof": Symbol(react.forward_ref),
      "defaultProps": Object {
        "checked": false,
        "children": null,
        "disabled": false,
      },
      "render": [Function],
    },
    "Select": Object {
      "$$typeof": Symbol(react.forward_ref),
      "defaultProps": Object {
        "children": null,
        "disabled": false,
        "loading": false,
        "multiple": false,
        "readOnly": false,
      },
      "render": [Function],
    },
    "Textarea": Object {
      "$$typeof": Symbol(react.forward_ref),
      "defaultProps": Object {
        "disabled": false,
        "readOnly": false,
        "rows": 4,
      },
      "render": [Function],
    },
  },
  "Heading": Object {
    "$$typeof": Symbol(react.forward_ref),
    "defaultProps": Object {
      "as": "h1",
      "heading": false,
      "spaced": false,
      "subtitle": false,
    },
    "render": [Function],
  },
  "Hero": Object {
    "$$typeof": Symbol(react.forward_ref),
    "Body": Object {
      "$$typeof": Symbol(react.forward_ref),
      "defaultProps": Object {
        "as": "div",
      },
      "render": [Function],
    },
    "Footer": Object {
      "$$typeof": Symbol(react.forward_ref),
      "defaultProps": Object {
        "as": "div",
      },
      "render": [Function],
    },
    "Head": Object {
      "$$typeof": Symbol(react.forward_ref),
      "defaultProps": Object {
        "as": "div",
      },
      "render": [Function],
    },
    "defaultProps": Object {
      "as": "section",
      "gradient": false,
    },
    "render": [Function],
  },
  "Icon": Object {
    "$$typeof": Symbol(react.forward_ref),
    "defaultProps": Object {
      "children": null,
    },
    "render": [Function],
  },
  "Image": Object {
    "$$typeof": Symbol(react.forward_ref),
    "defaultProps": Object {
      "as": "figure",
    },
    "render": [Function],
  },
  "Level": Object {
    "$$typeof": Symbol(react.forward_ref),
    "Item": Object {
      "$$typeof": Symbol(react.forward_ref),
      "defaultProps": Object {
        "as": "div",
      },
      "render": [Function],
    },
    "Side": Object {
      "$$typeof": Symbol(react.forward_ref),
      "defaultProps": Object {
        "align": "left",
        "as": "div",
      },
      "render": [Function],
    },
    "defaultProps": Object {
      "as": "div",
    },
    "render": [Function],
  },
  "Loader": Object {
    "$$typeof": Symbol(react.forward_ref),
    "defaultProps": Object {
      "as": "div",
      "children": null,
    },
    "render": [Function],
  },
  "Media": Object {
    "$$typeof": Symbol(react.forward_ref),
    "Content": Object {
      "$$typeof": Symbol(react.forward_ref),
      "defaultProps": Object {
        "as": "div",
      },
      "render": [Function],
    },
    "Item": Object {
      "$$typeof": Symbol(react.forward_ref),
      "defaultProps": Object {
        "as": "div",
        "position": "center",
      },
      "render": [Function],
    },
    "defaultProps": Object {
      "as": "article",
    },
    "render": [Function],
  },
  "Menu": Object {
    "$$typeof": Symbol(react.forward_ref),
    "List": Object {
      "$$typeof": Symbol(react.forward_ref),
      "Item": Object {
        "$$typeof": Symbol(react.forward_ref),
        "defaultProps": Object {
          "active": false,
          "children": null,
        },
        "render": [Function],
      },
      "render": [Function],
    },
    "defaultProps": Object {
      "as": "aside",
    },
    "render": [Function],
  },
  "Message": Object {
    "$$typeof": Symbol(react.forward_ref),
    "Body": Object {
      "$$typeof": Symbol(react.forward_ref),
      "defaultProps": Object {
        "as": "div",
      },
      "render": [Function],
    },
    "Header": Object {
      "$$typeof": Symbol(react.forward_ref),
      "defaultProps": Object {
        "as": "div",
      },
      "render": [Function],
    },
    "defaultProps": Object {
      "as": "article",
    },
    "render": [Function],
  },
  "Modal": Object {
    "$$typeof": Symbol(react.forward_ref),
    "Card": Object {
      "$$typeof": Symbol(react.forward_ref),
      "Body": Object {
        "$$typeof": Symbol(react.forward_ref),
        "defaultProps": Object {
          "as": "section",
        },
        "render": [Function],
      },
      "Foot": Object {
        "$$typeof": Symbol(react.forward_ref),
        "defaultProps": Object {
          "as": "footer",
        },
        "render": [Function],
      },
      "Head": Object {
        "$$typeof": Symbol(react.forward_ref),
        "defaultProps": Object {
          "as": "header",
          "children": null,
          "showClose": true,
        },
        "render": [Function],
      },
      "Title": Object {
        "$$typeof": Symbol(react.forward_ref),
        "defaultProps": Object {
          "as": "p",
        },
        "render": [Function],
      },
      "render": [Function],
    },
    "Content": Object {
      "$$typeof": Symbol(react.forward_ref),
      "defaultProps": Object {
        "as": "div",
      },
      "render": [Function],
    },
    "render": [Function],
  },
  "Navbar": Object {
    "$$typeof": Symbol(react.forward_ref),
    "Brand": Object {
      "$$typeof": Symbol(react.forward_ref),
      "render": [Function],
    },
    "Burger": Object {
      "$$typeof": Symbol(react.forward_ref),
      "render": [Function],
    },
    "Container": Object {
      "$$typeof": Symbol(react.forward_ref),
      "defaultProps": Object {
        "as": "div",
        "position": "start",
      },
      "render": [Function],
    },
    "Divider": Object {
      "$$typeof": Symbol(react.forward_ref),
      "render": [Function],
    },
    "Dropdown": Object {
      "$$typeof": Symbol(react.forward_ref),
      "defaultProps": Object {
        "as": "span",
        "boxed": false,
        "right": false,
      },
      "render": [Function],
    },
    "Item": Object {
      "$$typeof": Symbol(react.forward_ref),
      "defaultProps": Object {
        "active": false,
        "as": "a",
        "dropdown": false,
        "dropdownUp": false,
        "hoverable": false,
      },
      "render": [Function],
    },
    "Link": Object {
      "$$typeof": Symbol(react.forward_ref),
      "defaultProps": Object {
        "as": "span",
      },
      "render": [Function],
    },
    "Menu": Object {
      "$$typeof": Symbol(react.forward_ref),
      "render": [Function],
    },
    "defaultProps": Object {
      "as": "nav",
    },
    "render": [Function],
  },
  "Notification": Object {
    "$$typeof": Symbol(react.forward_ref),
    "defaultProps": Object {
      "as": "div",
    },
    "render": [Function],
  },
  "Pagination": Object {
    "$$typeof": Symbol(react.forward_ref),
    "render": [Function],
  },
  "Panel": Object {
    "$$typeof": Symbol(react.forward_ref),
    "Block": Object {
      "$$typeof": Symbol(react.forward_ref),
      "defaultProps": Object {
        "active": false,
        "as": "div",
      },
      "render": [Function],
    },
    "Header": Object {
      "$$typeof": Symbol(react.forward_ref),
      "defaultProps": Object {
        "as": "div",
      },
      "render": [Function],
    },
    "Icon": Object {
      "$$typeof": Symbol(react.forward_ref),
      "defaultProps": Object {
        "as": "span",
      },
      "render": [Function],
    },
    "Tabs": Object {
      "$$typeof": Symbol(react.forward_ref),
      "Tab": Object {
        "$$typeof": Symbol(react.forward_ref),
        "defaultProps": Object {
          "active": false,
          "as": "a",
        },
        "render": [Function],
      },
      "defaultProps": Object {
        "as": "div",
      },
      "render": [Function],
    },
    "defaultProps": Object {
      "as": "nav",
    },
    "render": [Function],
  },
  "Progress": Object {
    "$$typeof": Symbol(react.forward_ref),
    "render": [Function],
  },
  "Section": Object {
    "$$typeof": Symbol(react.forward_ref),
    "defaultProps": Object {
      "as": "section",
    },
    "render": [Function],
  },
  "Table": Object {
    "$$typeof": Symbol(react.forward_ref),
    "defaultProps": Object {
      "bordered": false,
      "size": "fullwidth",
      "striped": true,
    },
    "render": [Function],
  },
  "Tabs": Object {
    "$$typeof": Symbol(react.forward_ref),
    "Tab": Object {
      "$$typeof": Symbol(react.forward_ref),
      "defaultProps": Object {
        "active": false,
        "as": "a",
      },
      "render": [Function],
    },
    "defaultProps": Object {
      "as": "div",
      "fullwidth": false,
    },
    "render": [Function],
  },
  "Tag": Object {
    "$$typeof": Symbol(react.forward_ref),
    "Group": Object {
      "$$typeof": Symbol(react.forward_ref),
      "defaultProps": Object {
        "gapless": false,
      },
      "render": [Function],
    },
    "defaultProps": Object {
      "as": "span",
      "remove": false,
      "rounded": false,
    },
    "render": [Function],
  },
  "Tile": Object {
    "$$typeof": Symbol(react.forward_ref),
    "defaultProps": Object {
      "as": "div",
      "notification": false,
      "vertical": false,
    },
    "render": [Function],
  },
}
`;
