// Jest Snapshot v1, https://goo.gl/fbAQLP

exports[`Delete component should Exist 1`] = `
Object {
  "$$typeof": Symbol(react.forward_ref),
  "defaultProps": Object {
    "as": "a",
    "size": "auto",
  },
  "render": [Function],
}
`;

exports[`Delete component should be size auto 1`] = `
<a
  className="delete"
/>
`;

exports[`Delete component should be size large 1`] = `
<a
  className="delete is-large"
/>
`;

exports[`Delete component should be size medium 1`] = `
<a
  className="delete is-medium"
/>
`;

exports[`Delete component should be size small 1`] = `
<a
  className="delete is-small"
/>
`;

exports[`Delete component should have delete classname 1`] = `
<a
  className="delete"
/>
`;
